export const snapshot = {};

snapshot[`generate できる 1`] = `
'
return () => {
  const { h } = ChibiVue;
  return h(
    "div", { id: "app" }, ["Hello, ChibiVue!"]);
}'
`;
